// Jest Snapshot v1, https://goo.gl/fbAQLP

exports[`testing in component GiftItem add match with  the Snapshot  1`] = `undefined`;
